// Jest Snapshot v1, https://goo.gl/fbAQLP

exports[`Injection Tokens 1`] = `
<p>
  Hello, world!
</p>
`;
